// Jest Snapshot v1, https://goo.gl/fbAQLP

exports[`Header's Snapshot 1`] = `
<header
  className="header"
>
  <div
    className="container"
  >
    <div
      className="header__wrapper"
    >
      <div
        className="header__left"
      >
        <ForwardRef
          className="header__logo-link"
          to="/"
        >
          <img
            alt="6 cities logo"
            className="header__logo"
            height="41"
            src="/img/logo.svg"
            width="81"
          />
        </ForwardRef>
      </div>
      <nav
        className="header__nav"
      >
        <ul
          className="header__nav-list"
        >
          <React.Fragment>
            <ProfileBtn
              title="Login"
              url="/login"
            />
            <ProfileBtn
              title="Sign Up"
              url="/signup"
            />
          </React.Fragment>
        </ul>
      </nav>
    </div>
  </div>
</header>
`;

exports[`Login's Snapshot 1`] = `
<header
  className="header"
>
  <div
    className="container"
  >
    <div
      className="header__wrapper"
    >
      <div
        className="header__left"
      >
        <ForwardRef
          className="header__logo-link"
          to="/"
        >
          <img
            alt="6 cities logo"
            className="header__logo"
            height="41"
            src="/img/logo.svg"
            width="81"
          />
        </ForwardRef>
      </div>
      <nav
        className="header__nav"
      >
        <ul
          className="header__nav-list"
        >
          <React.Fragment>
            <ProfileBtn
              title="Login"
              url="/login"
            />
            <ProfileBtn
              title="Sign Up"
              url="/signup"
            />
          </React.Fragment>
        </ul>
      </nav>
    </div>
  </div>
</header>
`;
