// Jest Snapshot v1, https://goo.gl/fbAQLP

exports[`CardList's snapshot 1`] = `
<Router
  history={
    Object {
      "action": "POP",
      "block": [Function],
      "createHref": [Function],
      "go": [Function],
      "goBack": [Function],
      "goForward": [Function],
      "length": 1,
      "listen": [Function],
      "location": Object {
        "hash": "",
        "pathname": "/",
        "search": "",
        "state": undefined,
      },
      "push": [Function],
      "replace": [Function],
    }
  }
>
  <CardList
    activeCity="Amsterdam"
    addActiveCityOffers={[MockFunction]}
    changeSortingType={[MockFunction]}
    listOfOffers={
      Array [
        Object {
          "bedrooms": 1,
          "city": Object {
            "location": Object {
              "latitude": 51.225402,
              "longitude": 6.776314,
              "zoom": 13,
            },
            "name": "Dusseldorf",
          },
          "description": "This is a place for dreamers to reset, reflect, and create. Designed with a 'slow' pace in mind, our hope is that you enjoy every part of your stay; from making local coffee by drip in the morning, choosing the perfect record to put on as the sun sets.",
          "goods": Array [
            "Breakfast",
            "Laptop friendly workspace",
          ],
          "host": Object {
            "avatar_url": "img/avatar-angelina.jpg",
            "id": 25,
            "is_pro": true,
            "name": "Angelina",
          },
          "id": 1,
          "images": Array [
            "https://htmlacademy-react-2.appspot.com/six-cities/static/hotel/5.jpg",
            "https://htmlacademy-react-2.appspot.com/six-cities/static/hotel/19.jpg",
            "https://htmlacademy-react-2.appspot.com/six-cities/static/hotel/1.jpg",
            "https://htmlacademy-react-2.appspot.com/six-cities/static/hotel/2.jpg",
            "https://htmlacademy-react-2.appspot.com/six-cities/static/hotel/10.jpg",
            "https://htmlacademy-react-2.appspot.com/six-cities/static/hotel/13.jpg",
            "https://htmlacademy-react-2.appspot.com/six-cities/static/hotel/20.jpg",
            "https://htmlacademy-react-2.appspot.com/six-cities/static/hotel/14.jpg",
            "https://htmlacademy-react-2.appspot.com/six-cities/static/hotel/4.jpg",
            "https://htmlacademy-react-2.appspot.com/six-cities/static/hotel/7.jpg",
            "https://htmlacademy-react-2.appspot.com/six-cities/static/hotel/8.jpg",
            "https://htmlacademy-react-2.appspot.com/six-cities/static/hotel/9.jpg",
            "https://htmlacademy-react-2.appspot.com/six-cities/static/hotel/11.jpg",
            "https://htmlacademy-react-2.appspot.com/six-cities/static/hotel/16.jpg",
          ],
          "is_favorite": false,
          "is_premium": false,
          "location": Object {
            "latitude": 51.248402000000006,
            "longitude": 6.763314,
            "zoom": 16,
          },
          "max_adults": 2,
          "preview_image": "https://htmlacademy-react-2.appspot.com/six-cities/static/hotel/9.jpg",
          "price": 101,
          "rating": 3.1,
          "title": "Canal View Prinsengracht",
          "type": "room",
        },
      ]
    }
    offers={
      Array [
        Object {
          "bedrooms": 1,
          "city": Object {
            "location": Object {
              "latitude": 51.225402,
              "longitude": 6.776314,
              "zoom": 13,
            },
            "name": "Dusseldorf",
          },
          "description": "This is a place for dreamers to reset, reflect, and create. Designed with a 'slow' pace in mind, our hope is that you enjoy every part of your stay; from making local coffee by drip in the morning, choosing the perfect record to put on as the sun sets.",
          "goods": Array [
            "Breakfast",
            "Laptop friendly workspace",
          ],
          "host": Object {
            "avatar_url": "img/avatar-angelina.jpg",
            "id": 25,
            "is_pro": true,
            "name": "Angelina",
          },
          "id": 1,
          "images": Array [
            "https://htmlacademy-react-2.appspot.com/six-cities/static/hotel/5.jpg",
            "https://htmlacademy-react-2.appspot.com/six-cities/static/hotel/19.jpg",
            "https://htmlacademy-react-2.appspot.com/six-cities/static/hotel/1.jpg",
            "https://htmlacademy-react-2.appspot.com/six-cities/static/hotel/2.jpg",
            "https://htmlacademy-react-2.appspot.com/six-cities/static/hotel/10.jpg",
            "https://htmlacademy-react-2.appspot.com/six-cities/static/hotel/13.jpg",
            "https://htmlacademy-react-2.appspot.com/six-cities/static/hotel/20.jpg",
            "https://htmlacademy-react-2.appspot.com/six-cities/static/hotel/14.jpg",
            "https://htmlacademy-react-2.appspot.com/six-cities/static/hotel/4.jpg",
            "https://htmlacademy-react-2.appspot.com/six-cities/static/hotel/7.jpg",
            "https://htmlacademy-react-2.appspot.com/six-cities/static/hotel/8.jpg",
            "https://htmlacademy-react-2.appspot.com/six-cities/static/hotel/9.jpg",
            "https://htmlacademy-react-2.appspot.com/six-cities/static/hotel/11.jpg",
            "https://htmlacademy-react-2.appspot.com/six-cities/static/hotel/16.jpg",
          ],
          "is_favorite": false,
          "is_premium": false,
          "location": Object {
            "latitude": 51.248402000000006,
            "longitude": 6.763314,
            "zoom": 16,
          },
          "max_adults": 2,
          "preview_image": "https://htmlacademy-react-2.appspot.com/six-cities/static/hotel/9.jpg",
          "price": 101,
          "rating": 3.1,
          "title": "Canal View Prinsengracht",
          "type": "room",
        },
      ]
    }
    onCardHeaderClick={[MockFunction]}
    resetOffers={[MockFunction]}
    sorting={
      Object {
        "text": "Popular",
        "type": "popular",
      }
    }
  />
</Router>
`;
