// Jest Snapshot v1, https://goo.gl/fbAQLP

exports[`Comments's Snapshot 1`] = `
<React.Fragment>
  <h2
    className="reviews__title"
  >
    Reviews Â·
     
    <span
      className="reviews__amount"
    >
      1
    </span>
  </h2>
  <ul
    className="reviews__list"
  >
    <li
      className="reviews__item"
    >
      <div
        className="reviews__user user"
      >
        <div
          className="reviews__avatar-wrapper user__avatar-wrapper user__avatar-wrapper--pro"
        >
          <img
            alt="Reviews avatar"
            className="reviews__avatar user__avatar"
            height="54"
            src="https://htmlacademy-react-2.appspot.com/six-cities/static/avatar/1.jpg"
            width="54"
          />
        </div>
        <span
          className="reviews__user-name"
        >
          Max
        </span>
      </div>
      <div
        className="reviews__info"
      >
        <div
          className="reviews__rating rating"
        >
          <div
            className="reviews__stars rating__stars"
          >
            <span
              style={
                Object {
                  "width": "80%",
                }
              }
            />
            <span
              className="visually-hidden"
            >
              Rating
            </span>
          </div>
        </div>
        <p
          className="reviews__text"
        >
          The room was spacious and clean. The pool looked nothing like the photos and desparately needs a clean. The sauna and spa were closed for lunar new year holiday.
        </p>
        <time
          className="reviews__time"
          dateTime="2019-04-24"
        >
          March
           
          2020
        </time>
      </div>
    </li>
  </ul>
</React.Fragment>
`;
